------------------------------------------------------------
Timing Analyzer Summary
------------------------------------------------------------

Type  : Slow 1200mV 85C Model Setup 'Sram_CIC_3:inst1|clk_int'
Slack : -5.579
TNS   : -278.375

Type  : Slow 1200mV 85C Model Setup 'CIC_SRAM_controller_UART:inst|clk_25'
Slack : -3.689
TNS   : -97.962

Type  : Slow 1200mV 85C Model Setup 'divisor:inst2|clk_int'
Slack : -3.214
TNS   : -58.451

Type  : Slow 1200mV 85C Model Setup 'Pix_clk'
Slack : -2.391
TNS   : -62.278

Type  : Slow 1200mV 85C Model Setup 'Programador_controlador_block:inst5|controlador:inst|clk_int'
Slack : -2.361
TNS   : -24.236

Type  : Slow 1200mV 85C Model Setup 'Clk_50'
Slack : -1.891
TNS   : -97.674

Type  : Slow 1200mV 85C Model Setup 'Programador_controlador_block:inst5|controlador:inst|clk_int_2'
Slack : -1.864
TNS   : -31.000

Type  : Slow 1200mV 85C Model Hold 'Programador_controlador_block:inst5|controlador:inst|clk_int'
Slack : 0.051
TNS   : 0.000

Type  : Slow 1200mV 85C Model Hold 'CIC_SRAM_controller_UART:inst|clk_25'
Slack : 0.386
TNS   : 0.000

Type  : Slow 1200mV 85C Model Hold 'Programador_controlador_block:inst5|controlador:inst|clk_int_2'
Slack : 0.387
TNS   : 0.000

Type  : Slow 1200mV 85C Model Hold 'Clk_50'
Slack : 0.389
TNS   : 0.000

Type  : Slow 1200mV 85C Model Hold 'Sram_CIC_3:inst1|clk_int'
Slack : 0.402
TNS   : 0.000

Type  : Slow 1200mV 85C Model Hold 'divisor:inst2|clk_int'
Slack : 0.402
TNS   : 0.000

Type  : Slow 1200mV 85C Model Hold 'Pix_clk'
Slack : 0.692
TNS   : 0.000

Type  : Slow 1200mV 85C Model Recovery 'Sram_CIC_3:inst1|clk_int'
Slack : -1.519
TNS   : -46.884

Type  : Slow 1200mV 85C Model Recovery 'Pix_clk'
Slack : -1.453
TNS   : -24.833

Type  : Slow 1200mV 85C Model Recovery 'Programador_controlador_block:inst5|controlador:inst|clk_int_2'
Slack : -1.382
TNS   : -24.438

Type  : Slow 1200mV 85C Model Recovery 'Clk_50'
Slack : -0.700
TNS   : -9.693

Type  : Slow 1200mV 85C Model Recovery 'Programador_controlador_block:inst5|controlador:inst|clk_int'
Slack : -0.457
TNS   : -5.739

Type  : Slow 1200mV 85C Model Removal 'Programador_controlador_block:inst5|controlador:inst|clk_int'
Slack : 0.695
TNS   : 0.000

Type  : Slow 1200mV 85C Model Removal 'Clk_50'
Slack : 0.877
TNS   : 0.000

Type  : Slow 1200mV 85C Model Removal 'Pix_clk'
Slack : 1.307
TNS   : 0.000

Type  : Slow 1200mV 85C Model Removal 'Sram_CIC_3:inst1|clk_int'
Slack : 1.486
TNS   : 0.000

Type  : Slow 1200mV 85C Model Removal 'Programador_controlador_block:inst5|controlador:inst|clk_int_2'
Slack : 1.620
TNS   : 0.000

Type  : Slow 1200mV 85C Model Minimum Pulse Width 'Clk_50'
Slack : -3.000
TNS   : -92.950

Type  : Slow 1200mV 85C Model Minimum Pulse Width 'Pix_clk'
Slack : -3.000
TNS   : -40.265

Type  : Slow 1200mV 85C Model Minimum Pulse Width 'Sram_CIC_3:inst1|clk_int'
Slack : -1.285
TNS   : -68.105

Type  : Slow 1200mV 85C Model Minimum Pulse Width 'divisor:inst2|clk_int'
Slack : -1.285
TNS   : -47.545

Type  : Slow 1200mV 85C Model Minimum Pulse Width 'CIC_SRAM_controller_UART:inst|clk_25'
Slack : -1.285
TNS   : -42.405

Type  : Slow 1200mV 85C Model Minimum Pulse Width 'Programador_controlador_block:inst5|controlador:inst|clk_int'
Slack : -1.285
TNS   : -30.840

Type  : Slow 1200mV 85C Model Minimum Pulse Width 'Programador_controlador_block:inst5|controlador:inst|clk_int_2'
Slack : -1.285
TNS   : -25.700

Type  : Slow 1200mV 0C Model Setup 'Sram_CIC_3:inst1|clk_int'
Slack : -5.088
TNS   : -254.093

Type  : Slow 1200mV 0C Model Setup 'CIC_SRAM_controller_UART:inst|clk_25'
Slack : -3.268
TNS   : -86.197

Type  : Slow 1200mV 0C Model Setup 'divisor:inst2|clk_int'
Slack : -2.864
TNS   : -49.950

Type  : Slow 1200mV 0C Model Setup 'Programador_controlador_block:inst5|controlador:inst|clk_int'
Slack : -2.085
TNS   : -20.485

Type  : Slow 1200mV 0C Model Setup 'Pix_clk'
Slack : -2.055
TNS   : -55.187

Type  : Slow 1200mV 0C Model Setup 'Programador_controlador_block:inst5|controlador:inst|clk_int_2'
Slack : -1.619
TNS   : -26.106

Type  : Slow 1200mV 0C Model Setup 'Clk_50'
Slack : -1.607
TNS   : -82.265

Type  : Slow 1200mV 0C Model Hold 'Programador_controlador_block:inst5|controlador:inst|clk_int'
Slack : 0.043
TNS   : 0.000

Type  : Slow 1200mV 0C Model Hold 'CIC_SRAM_controller_UART:inst|clk_25'
Slack : 0.338
TNS   : 0.000

Type  : Slow 1200mV 0C Model Hold 'Programador_controlador_block:inst5|controlador:inst|clk_int_2'
Slack : 0.340
TNS   : 0.000

Type  : Slow 1200mV 0C Model Hold 'Clk_50'
Slack : 0.348
TNS   : 0.000

Type  : Slow 1200mV 0C Model Hold 'divisor:inst2|clk_int'
Slack : 0.353
TNS   : 0.000

Type  : Slow 1200mV 0C Model Hold 'Sram_CIC_3:inst1|clk_int'
Slack : 0.354
TNS   : 0.000

Type  : Slow 1200mV 0C Model Hold 'Pix_clk'
Slack : 0.632
TNS   : 0.000

Type  : Slow 1200mV 0C Model Recovery 'Sram_CIC_3:inst1|clk_int'
Slack : -1.287
TNS   : -39.534

Type  : Slow 1200mV 0C Model Recovery 'Pix_clk'
Slack : -1.238
TNS   : -20.858

Type  : Slow 1200mV 0C Model Recovery 'Programador_controlador_block:inst5|controlador:inst|clk_int_2'
Slack : -1.155
TNS   : -20.409

Type  : Slow 1200mV 0C Model Recovery 'Clk_50'
Slack : -0.507
TNS   : -6.426

Type  : Slow 1200mV 0C Model Recovery 'Programador_controlador_block:inst5|controlador:inst|clk_int'
Slack : -0.305
TNS   : -3.483

Type  : Slow 1200mV 0C Model Removal 'Programador_controlador_block:inst5|controlador:inst|clk_int'
Slack : 0.627
TNS   : 0.000

Type  : Slow 1200mV 0C Model Removal 'Clk_50'
Slack : 0.775
TNS   : 0.000

Type  : Slow 1200mV 0C Model Removal 'Pix_clk'
Slack : 1.208
TNS   : 0.000

Type  : Slow 1200mV 0C Model Removal 'Sram_CIC_3:inst1|clk_int'
Slack : 1.375
TNS   : 0.000

Type  : Slow 1200mV 0C Model Removal 'Programador_controlador_block:inst5|controlador:inst|clk_int_2'
Slack : 1.476
TNS   : 0.000

Type  : Slow 1200mV 0C Model Minimum Pulse Width 'Clk_50'
Slack : -3.000
TNS   : -92.950

Type  : Slow 1200mV 0C Model Minimum Pulse Width 'Pix_clk'
Slack : -3.000
TNS   : -40.265

Type  : Slow 1200mV 0C Model Minimum Pulse Width 'Sram_CIC_3:inst1|clk_int'
Slack : -1.285
TNS   : -68.105

Type  : Slow 1200mV 0C Model Minimum Pulse Width 'divisor:inst2|clk_int'
Slack : -1.285
TNS   : -47.545

Type  : Slow 1200mV 0C Model Minimum Pulse Width 'CIC_SRAM_controller_UART:inst|clk_25'
Slack : -1.285
TNS   : -42.405

Type  : Slow 1200mV 0C Model Minimum Pulse Width 'Programador_controlador_block:inst5|controlador:inst|clk_int'
Slack : -1.285
TNS   : -30.840

Type  : Slow 1200mV 0C Model Minimum Pulse Width 'Programador_controlador_block:inst5|controlador:inst|clk_int_2'
Slack : -1.285
TNS   : -25.700

Type  : Fast 1200mV 0C Model Setup 'Sram_CIC_3:inst1|clk_int'
Slack : -2.811
TNS   : -140.048

Type  : Fast 1200mV 0C Model Setup 'CIC_SRAM_controller_UART:inst|clk_25'
Slack : -1.269
TNS   : -31.631

Type  : Fast 1200mV 0C Model Setup 'divisor:inst2|clk_int'
Slack : -1.029
TNS   : -10.872

Type  : Fast 1200mV 0C Model Setup 'Clk_50'
Slack : -0.783
TNS   : -14.603

Type  : Fast 1200mV 0C Model Setup 'Pix_clk'
Slack : -0.637
TNS   : -12.845

Type  : Fast 1200mV 0C Model Setup 'Programador_controlador_block:inst5|controlador:inst|clk_int'
Slack : -0.615
TNS   : -4.456

Type  : Fast 1200mV 0C Model Setup 'Programador_controlador_block:inst5|controlador:inst|clk_int_2'
Slack : -0.421
TNS   : -5.631

Type  : Fast 1200mV 0C Model Hold 'Programador_controlador_block:inst5|controlador:inst|clk_int'
Slack : -0.014
TNS   : -0.014

Type  : Fast 1200mV 0C Model Hold 'CIC_SRAM_controller_UART:inst|clk_25'
Slack : 0.173
TNS   : 0.000

Type  : Fast 1200mV 0C Model Hold 'Programador_controlador_block:inst5|controlador:inst|clk_int_2'
Slack : 0.174
TNS   : 0.000

Type  : Fast 1200mV 0C Model Hold 'Clk_50'
Slack : 0.179
TNS   : 0.000

Type  : Fast 1200mV 0C Model Hold 'Sram_CIC_3:inst1|clk_int'
Slack : 0.181
TNS   : 0.000

Type  : Fast 1200mV 0C Model Hold 'divisor:inst2|clk_int'
Slack : 0.181
TNS   : 0.000

Type  : Fast 1200mV 0C Model Hold 'Pix_clk'
Slack : 0.316
TNS   : 0.000

Type  : Fast 1200mV 0C Model Recovery 'Sram_CIC_3:inst1|clk_int'
Slack : -0.261
TNS   : -7.331

Type  : Fast 1200mV 0C Model Recovery 'Programador_controlador_block:inst5|controlador:inst|clk_int_2'
Slack : -0.193
TNS   : -3.201

Type  : Fast 1200mV 0C Model Recovery 'Pix_clk'
Slack : -0.142
TNS   : -1.062

Type  : Fast 1200mV 0C Model Recovery 'Clk_50'
Slack : 0.170
TNS   : 0.000

Type  : Fast 1200mV 0C Model Recovery 'Programador_controlador_block:inst5|controlador:inst|clk_int'
Slack : 0.262
TNS   : 0.000

Type  : Fast 1200mV 0C Model Removal 'Programador_controlador_block:inst5|controlador:inst|clk_int'
Slack : 0.311
TNS   : 0.000

Type  : Fast 1200mV 0C Model Removal 'Clk_50'
Slack : 0.352
TNS   : 0.000

Type  : Fast 1200mV 0C Model Removal 'Pix_clk'
Slack : 0.476
TNS   : 0.000

Type  : Fast 1200mV 0C Model Removal 'Sram_CIC_3:inst1|clk_int'
Slack : 0.673
TNS   : 0.000

Type  : Fast 1200mV 0C Model Removal 'Programador_controlador_block:inst5|controlador:inst|clk_int_2'
Slack : 0.769
TNS   : 0.000

Type  : Fast 1200mV 0C Model Minimum Pulse Width 'Clk_50'
Slack : -3.000
TNS   : -77.492

Type  : Fast 1200mV 0C Model Minimum Pulse Width 'Pix_clk'
Slack : -3.000
TNS   : -40.057

Type  : Fast 1200mV 0C Model Minimum Pulse Width 'Sram_CIC_3:inst1|clk_int'
Slack : -1.000
TNS   : -53.000

Type  : Fast 1200mV 0C Model Minimum Pulse Width 'divisor:inst2|clk_int'
Slack : -1.000
TNS   : -37.000

Type  : Fast 1200mV 0C Model Minimum Pulse Width 'CIC_SRAM_controller_UART:inst|clk_25'
Slack : -1.000
TNS   : -33.000

Type  : Fast 1200mV 0C Model Minimum Pulse Width 'Programador_controlador_block:inst5|controlador:inst|clk_int'
Slack : -1.000
TNS   : -24.000

Type  : Fast 1200mV 0C Model Minimum Pulse Width 'Programador_controlador_block:inst5|controlador:inst|clk_int_2'
Slack : -1.000
TNS   : -20.000

------------------------------------------------------------
